/Users/tarangkant/Desktop/ASSIGNMENT2/stm32f303-definitions/Core/Inc/core_cm4.h:1816:22:__NVIC_SetPriority	16	static
/Users/tarangkant/Desktop/ASSIGNMENT2/stm32f303-definitions/Core/Inc/core_cm4.h:2022:26:SysTick_Config	16	static
../Src/main.c:19:13:DebugLED_Init	4	static
../Src/main.c:37:13:DebugLED_On	16	static
../Src/main.c:42:13:DebugLED_Off	16	static
../Src/main.c:47:13:DebugLED_Toggle	16	static
../Src/main.c:53:13:Board1_SysTickInit	8	static
../Src/main.c:59:13:ButtonPressedCallback	8	static
../Src/main.c:78:17:HeadingFloatToUint16	16	static
../Src/main.c:99:6:SysTick_Handler	4	static
../Src/main.c:113:5:main	232	static
