/Users/tarangkant/Desktop/ASSIGNMENT2/stm32f303-definitions/Core/Inc/core_cm4.h:1816:22:__NVIC_SetPriority	2
/Users/tarangkant/Desktop/ASSIGNMENT2/stm32f303-definitions/Core/Inc/core_cm4.h:2022:26:SysTick_Config	2
../Src/main.c:19:13:DebugLED_Init	1
../Src/main.c:37:13:DebugLED_On	1
../Src/main.c:42:13:DebugLED_Off	1
../Src/main.c:47:13:DebugLED_Toggle	1
../Src/main.c:53:13:Board1_SysTickInit	1
../Src/main.c:59:13:ButtonPressedCallback	2
../Src/main.c:78:17:HeadingFloatToUint16	4
../Src/main.c:99:6:SysTick_Handler	2
../Src/main.c:113:5:main	11
