/Users/tarangkant/Desktop/ASSIGNMENT2/stm32f303-definitions/Core/Inc/core_cm4.h:1688:22:__NVIC_EnableIRQ	16	static
../Src/serial.c:60:13:Serial_ResetRxState	16	static
../Src/serial.c:84:13:Serial_ClearReadySlots	16	static
../Src/serial.c:103:13:Serial_StorePacket	16	static
../Src/serial.c:137:13:Serial_DebugSendChar	16	static
../Src/serial.c:146:6:Serial_Init	8	static
../Src/serial.c:230:6:Serial_SetRxCallback	16	static
../Src/serial.c:238:6:Serial_SendChar	24	static
../Src/serial.c:263:6:Serial_SendString	16	static
../Src/serial.c:274:6:Serial_SendMsg	24	static
../Src/serial.c:309:6:Serial_Task	24	static
../Src/serial.c:339:6:UART4_IRQHandler	16	static
../Src/serial.c:491:6:UART4_EXTI34_IRQHandler	8	static
