Archive member included to satisfy reference by file (symbol)

/Applications/STM32CubeIDE.app/Contents/Eclipse/plugins/com.st.stm32cube.ide.mcu.externaltools.gnu-tools-for-stm32.13.3.rel1.macos64_1.0.100.202509120712/tools/bin/../lib/gcc/arm-none-eabi/13.3.1/../../../../arm-none-eabi/lib/thumb/v7e-m+fp/hard/libc_nano.a(libc_a-exit.o)
                              /Applications/STM32CubeIDE.app/Contents/Eclipse/plugins/com.st.stm32cube.ide.mcu.externaltools.gnu-tools-for-stm32.13.3.rel1.macos64_1.0.100.202509120712/tools/bin/../lib/gcc/arm-none-eabi/13.3.1/../../../../arm-none-eabi/lib/thumb/v7e-m+fp/hard/crt0.o (exit)
/Applications/STM32CubeIDE.app/Contents/Eclipse/plugins/com.st.stm32cube.ide.mcu.externaltools.gnu-tools-for-stm32.13.3.rel1.macos64_1.0.100.202509120712/tools/bin/../lib/gcc/arm-none-eabi/13.3.1/../../../../arm-none-eabi/lib/thumb/v7e-m+fp/hard/libc_nano.a(libc_a-findfp.o)
                              /Applications/STM32CubeIDE.app/Contents/Eclipse/plugins/com.st.stm32cube.ide.mcu.externaltools.gnu-tools-for-stm32.13.3.rel1.macos64_1.0.100.202509120712/tools/bin/../lib/gcc/arm-none-eabi/13.3.1/../../../../arm-none-eabi/lib/thumb/v7e-m+fp/hard/libc_nano.a(libc_a-exit.o) (__stdio_exit_handler)
/Applications/STM32CubeIDE.app/Contents/Eclipse/plugins/com.st.stm32cube.ide.mcu.externaltools.gnu-tools-for-stm32.13.3.rel1.macos64_1.0.100.202509120712/tools/bin/../lib/gcc/arm-none-eabi/13.3.1/../../../../arm-none-eabi/lib/thumb/v7e-m+fp/hard/libc_nano.a(libc_a-fwalk.o)
                              /Applications/STM32CubeIDE.app/Contents/Eclipse/plugins/com.st.stm32cube.ide.mcu.externaltools.gnu-tools-for-stm32.13.3.rel1.macos64_1.0.100.202509120712/tools/bin/../lib/gcc/arm-none-eabi/13.3.1/../../../../arm-none-eabi/lib/thumb/v7e-m+fp/hard/libc_nano.a(libc_a-findfp.o) (_fwalk_sglue)
/Applications/STM32CubeIDE.app/Contents/Eclipse/plugins/com.st.stm32cube.ide.mcu.externaltools.gnu-tools-for-stm32.13.3.rel1.macos64_1.0.100.202509120712/tools/bin/../lib/gcc/arm-none-eabi/13.3.1/../../../../arm-none-eabi/lib/thumb/v7e-m+fp/hard/libc_nano.a(libc_a-memset.o)
                              /Applications/STM32CubeIDE.app/Contents/Eclipse/plugins/com.st.stm32cube.ide.mcu.externaltools.gnu-tools-for-stm32.13.3.rel1.macos64_1.0.100.202509120712/tools/bin/../lib/gcc/arm-none-eabi/13.3.1/../../../../arm-none-eabi/lib/thumb/v7e-m+fp/hard/crt0.o (memset)
/Applications/STM32CubeIDE.app/Contents/Eclipse/plugins/com.st.stm32cube.ide.mcu.externaltools.gnu-tools-for-stm32.13.3.rel1.macos64_1.0.100.202509120712/tools/bin/../lib/gcc/arm-none-eabi/13.3.1/../../../../arm-none-eabi/lib/thumb/v7e-m+fp/hard/libc_nano.a(libc_a-init.o)
                              /Applications/STM32CubeIDE.app/Contents/Eclipse/plugins/com.st.stm32cube.ide.mcu.externaltools.gnu-tools-for-stm32.13.3.rel1.macos64_1.0.100.202509120712/tools/bin/../lib/gcc/arm-none-eabi/13.3.1/../../../../arm-none-eabi/lib/thumb/v7e-m+fp/hard/crt0.o (__libc_init_array)
/Applications/STM32CubeIDE.app/Contents/Eclipse/plugins/com.st.stm32cube.ide.mcu.externaltools.gnu-tools-for-stm32.13.3.rel1.macos64_1.0.100.202509120712/tools/bin/../lib/gcc/arm-none-eabi/13.3.1/../../../../arm-none-eabi/lib/thumb/v7e-m+fp/hard/libc_nano.a(libc_a-lock.o)
                              /Applications/STM32CubeIDE.app/Contents/Eclipse/plugins/com.st.stm32cube.ide.mcu.externaltools.gnu-tools-for-stm32.13.3.rel1.macos64_1.0.100.202509120712/tools/bin/../lib/gcc/arm-none-eabi/13.3.1/../../../../arm-none-eabi/lib/thumb/v7e-m+fp/hard/libc_nano.a(libc_a-findfp.o) (__retarget_lock_init_recursive)
/Applications/STM32CubeIDE.app/Contents/Eclipse/plugins/com.st.stm32cube.ide.mcu.externaltools.gnu-tools-for-stm32.13.3.rel1.macos64_1.0.100.202509120712/tools/bin/../lib/gcc/arm-none-eabi/13.3.1/../../../../arm-none-eabi/lib/thumb/v7e-m+fp/hard/libc_nano.a(libc_a-impure.o)
                              /Applications/STM32CubeIDE.app/Contents/Eclipse/plugins/com.st.stm32cube.ide.mcu.externaltools.gnu-tools-for-stm32.13.3.rel1.macos64_1.0.100.202509120712/tools/bin/../lib/gcc/arm-none-eabi/13.3.1/../../../../arm-none-eabi/lib/thumb/v7e-m+fp/hard/libc_nano.a(libc_a-findfp.o) (_impure_data)
/Applications/STM32CubeIDE.app/Contents/Eclipse/plugins/com.st.stm32cube.ide.mcu.externaltools.gnu-tools-for-stm32.13.3.rel1.macos64_1.0.100.202509120712/tools/bin/../lib/gcc/arm-none-eabi/13.3.1/../../../../arm-none-eabi/lib/thumb/v7e-m+fp/hard/libc_nano.a(libc_a-mallocr.o)
                              /Applications/STM32CubeIDE.app/Contents/Eclipse/plugins/com.st.stm32cube.ide.mcu.externaltools.gnu-tools-for-stm32.13.3.rel1.macos64_1.0.100.202509120712/tools/bin/../lib/gcc/arm-none-eabi/13.3.1/../../../../arm-none-eabi/lib/thumb/v7e-m+fp/hard/libc_nano.a(libc_a-findfp.o) (_malloc_r)
[...]
Memory Configuration

Name             Origin             Length             Attributes
CCMRAM           0x10000000         0x00002000         xrw
RAM              0x20000000         0x0000a000         xrw
FLASH            0x08000000         0x00040000         xr
*default*        0x00000000         0xffffffff

Linker script and memory map

LOAD /Applications/STM32CubeIDE.app/Contents/Eclipse/plugins/com.st.stm32cube.ide.mcu.externaltools.gnu-tools-for-stm32.13.3.rel1.macos64_1.0.100.202509120712/tools/bin/../lib/gcc/arm-none-eabi/13.3.1/thumb/v7e-m+fp/hard/crti.o
LOAD /Applications/STM32CubeIDE.app/Contents/Eclipse/plugins/com.st.stm32cube.ide.mcu.externaltools.gnu-tools-for-stm32.13.3.rel1.macos64_1.0.100.202509120712/tools/bin/../lib/gcc/arm-none-eabi/13.3.1/thumb/v7e-m+fp/hard/crtbegin.o
LOAD /Applications/STM32CubeIDE.app/Contents/Eclipse/plugins/com.st.stm32cube.ide.mcu.externaltools.gnu-tools-for-stm32.13.3.rel1.macos64_1.0.100.202509120712/tools/bin/../lib/gcc/arm-none-eabi/13.3.1/../../../../arm-none-eabi/lib/thumb/v7e-m+fp/hard/crt0.o
LOAD ./Src/led.o
LOAD ./Src/main.o
LOAD ./Src/serial.o
LOAD ./Startup/startup_stm32f303vctx.o
START GROUP
LOAD /Applications/STM32CubeIDE.app/Contents/Eclipse/plugins/com.st.stm32cube.ide.mcu.externaltools.gnu-tools-for-stm32.13.3.rel1.macos64_1.0.100.202509120712/tools/bin/../lib/gcc/arm-none-eabi/13.3.1/../../../../arm-none-eabi/lib/thumb/v7e-m+fp/hard/libc_nano.a
LOAD /Applications/STM32CubeIDE.app/Contents/Eclipse/plugins/com.st.stm32cube.ide.mcu.externaltools.gnu-tools-for-stm32.13.3.rel1.macos64_1.0.100.202509120712/tools/bin/../lib/gcc/arm-none-eabi/13.3.1/../../../../arm-none-eabi/lib/thumb/v7e-m+fp/hard/libm.a
END GROUP
START GROUP
LOAD /Applications/STM32CubeIDE.app/Contents/Eclipse/plugins/com.st.stm32cube.ide.mcu.externaltools.gnu-tools-for-stm32.13.3.rel1.macos64_1.0.100.202509120712/tools/bin/../lib/gcc/arm-none-eabi/13.3.1/thumb/v7e-m+fp/hard/libgcc.a
LOAD /Applications/STM32CubeIDE.app/Contents/Eclipse/plugins/com.st.stm32cube.ide.mcu.externaltools.gnu-tools-for-stm32.13.3.rel1.macos64_1.0.100.202509120712/tools/bin/../lib/gcc/arm-none-eabi/13.3.1/../../../../arm-none-eabi/lib/thumb/v7e-m+fp/hard/libc_nano.a
END GROUP
START GROUP
LOAD /Applications/STM32CubeIDE.app/Contents/Eclipse/plugins/com.st.stm32cube.ide.mcu.externaltools.gnu-tools-for-stm32.13.3.rel1.macos64_1.0.100.202509120712/tools/bin/../lib/gcc/arm-none-eabi/13.3.1/thumb/v7e-m+fp/hard/libgcc.a
LOAD /Applications/STM32CubeIDE.app/Contents/Eclipse/plugins/com.st.stm32cube.ide.mcu.externaltools.gnu-tools-for-stm32.13.3.rel1.macos64_1.0.100.202509120712/tools/bin/../lib/gcc/arm-none-eabi/13.3.1/../../../../arm-none-eabi/lib/thumb/v7e-m+fp/hard/libc_nano.a
LOAD /Applications/STM32CubeIDE.app/Contents/Eclipse/plugins/com.st.stm32cube.ide.mcu.externaltools.gnu-tools-for-stm32.13.3.rel1.macos64_1.0.100.202509120712/tools/bin/../lib/gcc/arm-none-eabi/13.3.1/../../../../arm-none-eabi/lib/thumb/v7e-m+fp/hard/libnosys.a
END GROUP
START GROUP
LOAD /Applications/STM32CubeIDE.app/Contents/Eclipse/plugins/com.st.stm32cube.ide.mcu.externaltools.gnu-tools-for-stm32.13.3.rel1.macos64_1.0.100.202509120712/tools/bin/../lib/gcc/arm-none-eabi/13.3.1/thumb/v7e-m+fp/hard/libgcc.a
LOAD /Applications/STM32CubeIDE.app/Contents/Eclipse/plugins/com.st.stm32cube.ide.mcu.externaltools.gnu-tools-for-stm32.13.3.rel1.macos64_1.0.100.202509120712/tools/bin/../lib/gcc/arm-none-eabi/13.3.1/../../../../arm-none-eabi/lib/thumb/v7e-m+fp/hard/libc_nano.a
LOAD /Applications/STM32CubeIDE.app/Contents/Eclipse/plugins/com.st.stm32cube.ide.mcu.externaltools.gnu-tools-for-stm32.13.3.rel1.macos64_1.0.100.202509120712/tools/bin/../lib/gcc/arm-none-eabi/13.3.1/../../../../arm-none-eabi/lib/thumb/v7e-m+fp/hard/libnosys.a
END GROUP
LOAD /Applications/STM32CubeIDE.app/Contents/Eclipse/plugins/com.st.stm32cube.ide.mcu.externaltools.gnu-tools-for-stm32.13.3.rel1.macos64_1.0.100.202509120712/tools/bin/../lib/gcc/arm-none-eabi/13.3.1/thumb/v7e-m+fp/hard/crtend.o
LOAD /Applications/STM32CubeIDE.app/Contents/Eclipse/plugins/com.st.stm32cube.ide.mcu.externaltools.gnu-tools-for-stm32.13.3.rel1.macos64_1.0.100.202509120712/tools/bin/../lib/gcc/arm-none-eabi/13.3.1/thumb/v7e-m+fp/hard/crtn.o
                0x2000a000                        _estack = (ORIGIN (RAM) + LENGTH (RAM))
                0x00000200                        _Min_Heap_Size = 0x200
                0x00000400                        _Min_Stack_Size = 0x400

.isr_vector     0x08000000      0x194
                0x08000000                        . = ALIGN (0x4)
 *(.isr_vector)
 .isr_vector    0x08000000      0x194 ./Startup/startup_stm32f303vctx.o
                0x08000000                g_pfnVectors
                0x08000194                        . = ALIGN (0x4)

.text           0x08000194      0xc94
                0x08000194                        . = ALIGN (0x4)
 *(.text)
 .text          0x08000194       0x40 /Applications/STM32CubeIDE.app/Contents/Eclipse/plugins/com.st.stm32cube.ide.mcu.externaltools.gnu-tools-for-stm32.13.3.rel1.macos64_1.0.100.202509120712/tools/bin/../lib/gcc/arm-none-eabi/13.3.1/thumb/v7e-m+fp/hard/crtbegin.o
 *(.text*)
 .text.LED_Init
                0x080001d4       0xe4 ./Src/led.o
                0x080001d4                LED_Init
 .text.LED_On   0x080002b8       0x2c ./Src/led.o
                0x080002b8                LED_On
 .text.LED_Off  0x080002e4       0x30 ./Src/led.o
                0x080002e4                LED_Off
 .text.LED_Toggle
                0x08000314       0x2c ./Src/led.o
                0x08000314                LED_Toggle
 .text.MySerialRxHandler
                0x08000340       0xc0 ./Src/main.o
                0x08000340                MySerialRxHandler
 .text.main     0x08000400       0x88 ./Src/main.o
                0x08000400                main
 .text.__NVIC_EnableIRQ
                0x08000488       0x3c ./Src/serial.o
 .text.Serial_ResetRxState
                0x080004c4       0xa0 ./Src/serial.o
 .text.Serial_ClearReadySlots
                0x08000564       0x90 ./Src/serial.o
 .text.Serial_StorePacket
                0x080005f4      0x100 ./Src/serial.o
 .text.Serial_DebugSendChar
                0x080006f4       0x30 ./Src/serial.o
 .text.Serial_HandleUart4Irq
                0x08000724      0x328 ./Src/serial.o
 .text.Serial_Init
                0x08000a4c      0x20c ./Src/serial.o
                0x08000a4c                Serial_Init
 .text.Serial_SetRxCallback
                0x08000c58       0x20 ./Src/serial.o
                0x08000c58                Serial_SetRxCallback
 .text.Serial_SendString
                0x08000c78       0x2c ./Src/serial.o
                0x08000c78                Serial_SendString
 .text.Serial_Task
                0x08000ca4       0xc4 ./Src/serial.o
                0x08000ca4                Serial_Task
 .text.UART4_EXTI34_IRQHandler
                0x08000d68        0xc ./Src/serial.o
                0x08000d68                UART4_EXTI34_IRQHandler
 .text.Reset_Handler
                0x08000d74       0x50 ./Startup/startup_stm32f303vctx.o
                0x08000d74                Reset_Handler
 .text.Default_Handler
                0x08000dc4        0x2 ./Startup/startup_stm32f303vctx.o
                0x08000dc4                TIM1_BRK_TIM15_IRQHandler
                0x08000dc4                TIM8_CC_IRQHandler
                0x08000dc4                DebugMon_Handler
                0x08000dc4                DMA1_CH4_IRQHandler
                0x08000dc4                SPI4_IRQHandler
                0x08000dc4                TIM1_CC_IRQHandler
                0x08000dc4                HardFault_Handler
                0x08000dc4                USB_HP_IRQHandler
                0x08000dc4                I2C2_EV_EXTI24_IRQHandler
                0x08000dc4                SysTick_Handler
                0x08000dc4                USB_WKUP_EXTI_IRQHandler
                0x08000dc4                PVD_IRQHandler
                0x08000dc4                TAMP_STAMP_IRQHandler
                0x08000dc4                PendSV_Handler
                0x08000dc4                NMI_Handler
                0x08000dc4                EXTI3_IRQHandler
                0x08000dc4                I2C3_ER_IRQHandler
                0x08000dc4                TIM6_DACUNDER_IRQHandler
                0x08000dc4                USB_HP_CAN_TX_IRQHandler
                0x08000dc4                EXTI0_IRQHandler
                0x08000dc4                DMA2_CH1_IRQHandler
                0x08000dc4                TIM1_UP_TIM16_IRQHandler
                0x08000dc4                UsageFault_Handler
                0x08000dc4                ADC1_2_IRQHandler
                0x08000dc4                SPI1_IRQHandler
                0x08000dc4                CAN_SCE_IRQHandler
                0x08000dc4                DMA1_CH7_IRQHandler
                0x08000dc4                TIM8_UP_IRQHandler
                0x08000dc4                COMP456_IRQHandler
                0x08000dc4                DMA1_CH6_IRQHandler
                0x08000dc4                TIM20_TRG_COM_IRQHandler
                0x08000dc4                ADC3_IRQHandler
                0x08000dc4                TIM4_IRQHandler
                0x08000dc4                CAN_RX1_IRQHandler
                0x08000dc4                USART1_EXTI25_IRQHandler
                0x08000dc4                DMA2_CH5_IRQHandler
                0x08000dc4                I2C1_EV_EXTI23_IRQHandler
                0x08000dc4                DMA1_CH3_IRQHandler
                0x08000dc4                TIM3_IRQHandler
                0x08000dc4                RCC_IRQHandler
                0x08000dc4                TIM20_UP_IRQHandler
                0x08000dc4                Default_Handler
                0x08000dc4                EXTI15_10_IRQHandler
                0x08000dc4                USART2_EXTI26_IRQHandler
                0x08000dc4                USART3_EXTI28_IRQHandler
                0x08000dc4                TIM7_IRQHandler
                0x08000dc4                I2C3_EV_IRQHandler
                0x08000dc4                EXTI9_5_IRQHandler
                0x08000dc4                DMA1_CH2_IRQHandler
                0x08000dc4                RTC_WKUP_IRQHandler
                0x08000dc4                SPI2_IRQHandler
                0x08000dc4                DMA1_CH1_IRQHandler
                0x08000dc4                USB_LP_CAN_RX0_IRQHandler
                0x08000dc4                MemManage_Handler
                0x08000dc4                COMP123_IRQHandler
                0x08000dc4                SVC_Handler
                0x08000dc4                USB_LP_IRQHandler
                0x08000dc4                EXTI4_IRQHandler
                0x08000dc4                TIM1_TRG_COM_TIM17_IRQHandler
                0x08000dc4                ADC4_IRQHandler
                0x08000dc4                WWDG_IRQHandler
                0x08000dc4                TIM2_IRQHandler
                0x08000dc4                COMP7_IRQHandler
                0x08000dc4                EXTI1_IRQHandler
                0x08000dc4                RTCAlarm_IRQHandler
                0x08000dc4                UART5_EXTI35_IRQHandler
                0x08000dc4                TIM20_BRK_IRQHandler
                0x08000dc4                I2C2_ER_IRQHandler
                0x08000dc4                TIM8_BRK_IRQHandler
                0x08000dc4                FLASH_IRQHandler
                0x08000dc4                TIM20_CC_IRQHandler
                0x08000dc4                BusFault_Handler
                0x08000dc4                SPI3_IRQHandler
                0x08000dc4                DMA2_CH3_IRQHandler
                0x08000dc4                DMA2_CH2_IRQHandler
                0x08000dc4                I2C1_ER_IRQHandler
                0x08000dc4                FMC_IRQHandler
                0x08000dc4                DMA1_CH5_IRQHandler
                0x08000dc4                DMA2_CH4_IRQHandler
                0x08000dc4                USB_WKUP_IRQHandler
                0x08000dc4                EXTI2_TSC_IRQHandler
                0x08000dc4                TIM8_TRG_COM_IRQHandler
 *fill*         0x08000dc6        0x2 
 .text.__libc_init_array
                0x08000dc8       0x48 /Applications/STM32CubeIDE.app/Contents/Eclipse/plugins/com.st.stm32cube.ide.mcu.externaltools.gnu-tools-for-stm32.13.3.rel1.macos64_1.0.100.202509120712/tools/bin/../lib/gcc/arm-none-eabi/13.3.1/../../../../arm-none-eabi/lib/thumb/v7e-m+fp/hard/libc_nano.a(libc_a-init.o)
                0x08000dc8                __libc_init_array
 *(.glue_7)
 .glue_7        0x08000e10        0x0 linker stubs
 *(.glue_7t)
 .glue_7t       0x08000e10        0x0 linker stubs
 *(.eh_frame)
 .eh_frame      0x08000e10        0x0 /Applications/STM32CubeIDE.app/Contents/Eclipse/plugins/com.st.stm32cube.ide.mcu.externaltools.gnu-tools-for-stm32.13.3.rel1.macos64_1.0.100.202509120712/tools/bin/../lib/gcc/arm-none-eabi/13.3.1/thumb/v7e-m+fp/hard/crtbegin.o
 *(.init)
 .init          0x08000e10        0x4 /Applications/STM32CubeIDE.app/Contents/Eclipse/plugins/com.st.stm32cube.ide.mcu.externaltools.gnu-tools-for-stm32.13.3.rel1.macos64_1.0.100.202509120712/tools/bin/../lib/gcc/arm-none-eabi/13.3.1/thumb/v7e-m+fp/hard/crti.o
                0x08000e10                _init
 .init          0x08000e14        0x8 /Applications/STM32CubeIDE.app/Contents/Eclipse/plugins/com.st.stm32cube.ide.mcu.externaltools.gnu-tools-for-stm32.13.3.rel1.macos64_1.0.100.202509120712/tools/bin/../lib/gcc/arm-none-eabi/13.3.1/thumb/v7e-m+fp/hard/crtn.o
 *(.fini)
 .fini          0x08000e1c        0x4 /Applications/STM32CubeIDE.app/Contents/Eclipse/plugins/com.st.stm32cube.ide.mcu.externaltools.gnu-tools-for-stm32.13.3.rel1.macos64_1.0.100.202509120712/tools/bin/../lib/gcc/arm-none-eabi/13.3.1/thumb/v7e-m+fp/hard/crti.o
                0x08000e1c                _fini
 .fini          0x08000e20        0x8 /Applications/STM32CubeIDE.app/Contents/Eclipse/plugins/com.st.stm32cube.ide.mcu.externaltools.gnu-tools-for-stm32.13.3.rel1.macos64_1.0.100.202509120712/tools/bin/../lib/gcc/arm-none-eabi/13.3.1/thumb/v7e-m+fp/hard/crtn.o
                0x08000e28                        . = ALIGN (0x4)
                0x08000e28                        _etext = .

.vfp11_veneer   0x08000e28        0x0
 .vfp11_veneer  0x08000e28        0x0 linker stubs

.v4_bx          0x08000e28        0x0
 .v4_bx         0x08000e28        0x0 linker stubs

.iplt           0x08000e28        0x0
 .iplt          0x08000e28        0x0 /Applications/STM32CubeIDE.app/Contents/Eclipse/plugins/com.st.stm32cube.ide.mcu.externaltools.gnu-tools-for-stm32.13.3.rel1.macos64_1.0.100.202509120712/tools/bin/../lib/gcc/arm-none-eabi/13.3.1/thumb/v7e-m+fp/hard/crtbegin.o

.rodata         0x08000e28       0xa4
                0x08000e28                        . = ALIGN (0x4)
 *(.rodata)
 .rodata        0x08000e28       0xa3 ./Src/main.o
 *(.rodata*)
                0x08000ecc                        . = ALIGN (0x4)
 *fill*         0x08000ecb        0x1 

.ARM.extab      0x08000ecc        0x0
                0x08000ecc                        . = ALIGN (0x4)
 *(.ARM.extab* .gnu.linkonce.armextab.*)
                0x08000ecc                        . = ALIGN (0x4)

.ARM            0x08000ecc        0x0
                0x08000ecc                        . = ALIGN (0x4)
                0x08000ecc                        __exidx_start = .
 *(.ARM.exidx*)
                0x08000ecc                        __exidx_end = .
                0x08000ecc                        . = ALIGN (0x4)

.preinit_array  0x08000ecc        0x0
                0x08000ecc                        . = ALIGN (0x4)
                0x08000ecc                        PROVIDE (__preinit_array_start = .)
 *(.preinit_array*)
                0x08000ecc                        PROVIDE (__preinit_array_end = .)
                0x08000ecc                        . = ALIGN (0x4)

.init_array     0x08000ecc        0x4
                0x08000ecc                        . = ALIGN (0x4)
                0x08000ecc                        PROVIDE (__init_array_start = .)
 *(SORT_BY_NAME(.init_array.*))
 *(.init_array*)
 .init_array    0x08000ecc        0x4 /Applications/STM32CubeIDE.app/Contents/Eclipse/plugins/com.st.stm32cube.ide.mcu.externaltools.gnu-tools-for-stm32.13.3.rel1.macos64_1.0.100.202509120712/tools/bin/../lib/gcc/arm-none-eabi/13.3.1/thumb/v7e-m+fp/hard/crtbegin.o
                0x08000ed0                        PROVIDE (__init_array_end = .)
                0x08000ed0                        . = ALIGN (0x4)

.fini_array     0x08000ed0        0x4
                0x08000ed0                        . = ALIGN (0x4)
                [!provide]                        PROVIDE (__fini_array_start = .)
 *(SORT_BY_NAME(.fini_array.*))
 *(.fini_array*)
 .fini_array    0x08000ed0        0x4 /Applications/STM32CubeIDE.app/Contents/Eclipse/plugins/com.st.stm32cube.ide.mcu.externaltools.gnu-tools-for-stm32.13.3.rel1.macos64_1.0.100.202509120712/tools/bin/../lib/gcc/arm-none-eabi/13.3.1/thumb/v7e-m+fp/hard/crtbegin.o
                [!provide]                        PROVIDE (__fini_array_end = .)
                0x08000ed4                        . = ALIGN (0x4)
                0x08000ed4                        _sidata = LOADADDR (.data)

.rel.dyn        0x08000ed4        0x0
 .rel.iplt      0x08000ed4        0x0 /Applications/STM32CubeIDE.app/Contents/Eclipse/plugins/com.st.stm32cube.ide.mcu.externaltools.gnu-tools-for-stm32.13.3.rel1.macos64_1.0.100.202509120712/tools/bin/../lib/gcc/arm-none-eabi/13.3.1/thumb/v7e-m+fp/hard/crtbegin.o

.data           0x20000000        0x0 load address 0x08000ed4
                0x20000000                        . = ALIGN (0x4)
                0x20000000                        _sdata = .
 *(.data)
 *(.data*)
 *(.RamFunc)
 *(.RamFunc*)
                0x20000000                        . = ALIGN (0x4)
                0x20000000                        _edata = .
                0x08000ed4                        _siccmram = LOADADDR (.ccmram)

.igot.plt       0x20000000        0x0 load address 0x08000ed4
 .igot.plt      0x20000000        0x0 /Applications/STM32CubeIDE.app/Contents/Eclipse/plugins/com.st.stm32cube.ide.mcu.externaltools.gnu-tools-for-stm32.13.3.rel1.macos64_1.0.100.202509120712/tools/bin/../lib/gcc/arm-none-eabi/13.3.1/thumb/v7e-m+fp/hard/crtbegin.o

.ccmram         0x10000000        0x0 load address 0x08000ed4
                0x10000000                        . = ALIGN (0x4)
                0x10000000                        _sccmram = .
 *(.ccmram)
 *(.ccmram*)
                0x10000000                        . = ALIGN (0x4)
                0x10000000                        _eccmram = .
                0x10000000                        . = ALIGN (0x4)

.bss            0x20000000       0xec
                0x20000000                        _sbss = .
                0x20000000                        __bss_start__ = _sbss
 *(.bss)
 .bss           0x20000000       0x1c /Applications/STM32CubeIDE.app/Contents/Eclipse/plugins/com.st.stm32cube.ide.mcu.externaltools.gnu-tools-for-stm32.13.3.rel1.macos64_1.0.100.202509120712/tools/bin/../lib/gcc/arm-none-eabi/13.3.1/thumb/v7e-m+fp/hard/crtbegin.o
 *(.bss*)
 .bss.callbackHit
                0x2000001c        0x1 ./Src/main.o
 .bss.lastMsgType
                0x2000001d        0x1 ./Src/main.o
 .bss.lastMsgLength
                0x2000001e        0x2 ./Src/main.o
 .bss.lastSensorValue
                0x20000020        0x2 ./Src/main.o
 .bss.lastStatus
                0x20000022        0x1 ./Src/main.o
 *fill*         0x20000023        0x1 
 .bss.serialRxCallback
                0x20000024        0x4 ./Src/serial.o
 .bss.dbg_irqRxCount
                0x20000028        0x1 ./Src/serial.o
                0x20000028                dbg_irqRxCount
 .bss.dbg_lastByte
                0x20000029        0x1 ./Src/serial.o
                0x20000029                dbg_lastByte
 .bss.dbg_rxState
                0x2000002a        0x1 ./Src/serial.o
                0x2000002a                dbg_rxState
 *fill*         0x2000002b        0x1 
 .bss.dbg_expectedLength
                0x2000002c        0x2 ./Src/serial.o
                0x2000002c                dbg_expectedLength
 .bss.dbg_payloadIndex
                0x2000002e        0x2 ./Src/serial.o
                0x2000002e                dbg_payloadIndex
 .bss.dbg_currentMsgType
                0x20000030        0x1 ./Src/serial.o
                0x20000030                dbg_currentMsgType
 .bss.dbg_checksumRunning
                0x20000031        0x1 ./Src/serial.o
                0x20000031                dbg_checksumRunning
 .bss.dbg_checksumReceived
                0x20000032        0x1 ./Src/serial.o
                0x20000032                dbg_checksumReceived
 .bss.dbg_packetReady
                0x20000033        0x1 ./Src/serial.o
                0x20000033                dbg_packetReady
 .bss.dbg_packetValid
                0x20000034        0x1 ./Src/serial.o
                0x20000034                dbg_packetValid
 .bss.dbg_packetStored
                0x20000035        0x1 ./Src/serial.o
                0x20000035                dbg_packetStored
 .bss.dbg_rxOverflow
                0x20000036        0x1 ./Src/serial.o
                0x20000036                dbg_rxOverflow
 .bss.dbg_txOverflow
                0x20000037        0x1 ./Src/serial.o
                0x20000037                dbg_txOverflow
 .bss.rxExpectedLength
                0x20000038        0x2 ./Src/serial.o
 .bss.rxPayloadIndex
                0x2000003a        0x2 ./Src/serial.o
 .bss.rxCurrentMsgType
                0x2000003c        0x1 ./Src/serial.o
 .bss.rxChecksumRunning
                0x2000003d        0x1 ./Src/serial.o
 .bss.rxChecksumReceived
                0x2000003e        0x1 ./Src/serial.o
 *fill*         0x2000003f        0x1 
 .bss.rxWorkingPayload
                0x20000040       0x20 ./Src/serial.o
 .bss.rxReady   0x20000060       0x48 ./Src/serial.o
 .bss.txBuffer  0x200000a8       0x40 ./Src/serial.o
 .bss.txHead    0x200000e8        0x2 ./Src/serial.o
 .bss.txTail    0x200000ea        0x2 ./Src/serial.o
 *(COMMON)
                0x200000ec                        . = ALIGN (0x4)
                0x200000ec                        _ebss = .
                0x200000ec                        __bss_end__ = _ebss

._user_heap_stack
                0x200000ec      0x604
                0x200000f0                        . = ALIGN (0x8)
 *fill*         0x200000ec        0x4 
                0x200000f0                        PROVIDE (end = .)
                [!provide]                        PROVIDE (_end = .)
                0x200002f0                        . = (. + _Min_Heap_Size)
 *fill*         0x200000f0      0x200 
                0x200006f0                        . = (. + _Min_Stack_Size)
 *fill*         0x200002f0      0x400 
                0x200006f0                        . = ALIGN (0x8)

/DISCARD/
 libc.a(*)
 libm.a(*)
 libgcc.a(*)

.ARM.attributes
                0x00000000       0x30
 *(.ARM.attributes)
 .ARM.attributes
                0x00000000       0x22 /Applications/STM32CubeIDE.app/Contents/Eclipse/plugins/com.st.stm32cube.ide.mcu.externaltools.gnu-tools-for-stm32.13.3.rel1.macos64_1.0.100.202509120712/tools/bin/../lib/gcc/arm-none-eabi/13.3.1/thumb/v7e-m+fp/hard/crti.o
 .ARM.attributes
                0x00000022       0x34 /Applications/STM32CubeIDE.app/Contents/Eclipse/plugins/com.st.stm32cube.ide.mcu.externaltools.gnu-tools-for-stm32.13.3.rel1.macos64_1.0.100.202509120712/tools/bin/../lib/gcc/arm-none-eabi/13.3.1/thumb/v7e-m+fp/hard/crtbegin.o
 .ARM.attributes
                0x00000056       0x34 ./Src/led.o
 .ARM.attributes
                0x0000008a       0x34 ./Src/main.o
 .ARM.attributes
                0x000000be       0x34 ./Src/serial.o
 .ARM.attributes
                0x000000f2       0x21 ./Startup/startup_stm32f303vctx.o
 .ARM.attributes
                0x00000113       0x34 /Applications/STM32CubeIDE.app/Contents/Eclipse/plugins/com.st.stm32cube.ide.mcu.externaltools.gnu-tools-for-stm32.13.3.rel1.macos64_1.0.100.202509120712/tools/bin/../lib/gcc/arm-none-eabi/13.3.1/../../../../arm-none-eabi/lib/thumb/v7e-m+fp/hard/libc_nano.a(libc_a-init.o)
 .ARM.attributes
                0x00000147       0x22 /Applications/STM32CubeIDE.app/Contents/Eclipse/plugins/com.st.stm32cube.ide.mcu.externaltools.gnu-tools-for-stm32.13.3.rel1.macos64_1.0.100.202509120712/tools/bin/../lib/gcc/arm-none-eabi/13.3.1/thumb/v7e-m+fp/hard/crtn.o
OUTPUT(TEST7.3 UART4 - Reciever.elf elf32-littlearm)
LOAD linker stubs
LOAD /Applications/STM32CubeIDE.app/Contents/Eclipse/plugins/com.st.stm32cube.ide.mcu.externaltools.gnu-tools-for-stm32.13.3.rel1.macos64_1.0.100.202509120712/tools/bin/../lib/gcc/arm-none-eabi/13.3.1/../../../../arm-none-eabi/lib/thumb/v7e-m+fp/hard/libc.a
LOAD /Applications/STM32CubeIDE.app/Contents/Eclipse/plugins/com.st.stm32cube.ide.mcu.externaltools.gnu-tools-for-stm32.13.3.rel1.macos64_1.0.100.202509120712/tools/bin/../lib/gcc/arm-none-eabi/13.3.1/../../../../arm-none-eabi/lib/thumb/v7e-m+fp/hard/libm.a
LOAD /Applications/STM32CubeIDE.app/Contents/Eclipse/plugins/com.st.stm32cube.ide.mcu.externaltools.gnu-tools-for-stm32.13.3.rel1.macos64_1.0.100.202509120712/tools/bin/../lib/gcc/arm-none-eabi/13.3.1/thumb/v7e-m+fp/hard/libgcc.a

.debug_info     0x00000000     0x1083
 .debug_info    0x00000000      0x297 ./Src/led.o
 .debug_info    0x00000297      0x25c ./Src/main.o
 .debug_info    0x000004f3      0xb60 ./Src/serial.o
 .debug_info    0x00001053       0x30 ./Startup/startup_stm32f303vctx.o

.debug_abbrev   0x00000000      0x4e4
 .debug_abbrev  0x00000000       0xf4 ./Src/led.o
 .debug_abbrev  0x000000f4      0x12f ./Src/main.o
 .debug_abbrev  0x00000223      0x29d ./Src/serial.o
 .debug_abbrev  0x000004c0       0x24 ./Startup/startup_stm32f303vctx.o

.debug_aranges  0x00000000      0x118
 .debug_aranges
                0x00000000       0x40 ./Src/led.o
 .debug_aranges
                0x00000040       0x28 ./Src/main.o
 .debug_aranges
                0x00000068       0x88 ./Src/serial.o
 .debug_aranges
                0x000000f0       0x28 ./Startup/startup_stm32f303vctx.o

.debug_rnglists
                0x00000000       0xc8
 .debug_rnglists
                0x00000000       0x2c ./Src/led.o
 .debug_rnglists
                0x0000002c       0x1b ./Src/main.o
 .debug_rnglists
                0x00000047       0x68 ./Src/serial.o
 .debug_rnglists
                0x000000af       0x19 ./Startup/startup_stm32f303vctx.o

.debug_macro    0x00000000    0x14ea9
 .debug_macro   0x00000000       0xc9 ./Src/led.o
 .debug_macro   0x000000c9      0xae4 ./Src/led.o
 .debug_macro   0x00000bad       0x28 ./Src/led.o
 .debug_macro   0x00000bd5       0x22 ./Src/led.o
 .debug_macro   0x00000bf7       0x8e ./Src/led.o
 .debug_macro   0x00000c85       0x51 ./Src/led.o
 .debug_macro   0x00000cd6      0x103 ./Src/led.o
 .debug_macro   0x00000dd9       0x6a ./Src/led.o
 .debug_macro   0x00000e43      0x1df ./Src/led.o
 .debug_macro   0x00001022       0x1c ./Src/led.o
 .debug_macro   0x0000103e       0x22 ./Src/led.o
 .debug_macro   0x00001060       0xd9 ./Src/led.o
 .debug_macro   0x00001139     0x102d ./Src/led.o
 .debug_macro   0x00002166      0x11f ./Src/led.o
 .debug_macro   0x00002285    0x12a3a ./Src/led.o
 .debug_macro   0x00014cbf       0xd2 ./Src/main.o
 .debug_macro   0x00014d91       0x28 ./Src/main.o
 .debug_macro   0x00014db9       0xce ./Src/serial.o
 .debug_macro   0x00014e87       0x22 ./Src/serial.o

.debug_line     0x00000000     0x148c
 .debug_line    0x00000000      0x552 ./Src/led.o
 .debug_line    0x00000552      0x501 ./Src/main.o
 .debug_line    0x00000a53      0x9be ./Src/serial.o
 .debug_line    0x00001411       0x7b ./Startup/startup_stm32f303vctx.o

.debug_str      0x00000000    0x72a8e
 .debug_str     0x00000000    0x72a8e ./Src/led.o
                              0x723b7 (size before relaxing)
 .debug_str     0x00072a8e        0x0 ./Src/main.o
                              0x7249e (size before relaxing)
 .debug_str     0x00072a8e        0x0 ./Src/serial.o
                              0x72c1b (size before relaxing)
 .debug_str     0x00072a8e        0x0 ./Startup/startup_stm32f303vctx.o
                                 0xa6 (size before relaxing)

.comment        0x00000000       0x43
 .comment       0x00000000       0x43 ./Src/led.o
                                 0x44 (size before relaxing)
 .comment       0x00000043        0x0 ./Src/main.o
                                 0x44 (size before relaxing)
 .comment       0x00000043        0x0 ./Src/serial.o
                                 0x44 (size before relaxing)

.debug_frame    0x00000000      0x364
 .debug_frame   0x00000000       0xd0 ./Src/led.o
 .debug_frame   0x000000d0       0x50 ./Src/main.o
 .debug_frame   0x00000120      0x218 ./Src/serial.o
 .debug_frame   0x00000338       0x2c /Applications/STM32CubeIDE.app/Contents/Eclipse/plugins/com.st.stm32cube.ide.mcu.externaltools.gnu-tools-for-stm32.13.3.rel1.macos64_1.0.100.202509120712/tools/bin/../lib/gcc/arm-none-eabi/13.3.1/../../../../arm-none-eabi/lib/thumb/v7e-m+fp/hard/libc_nano.a(libc_a-init.o)

.debug_line_str
                0x00000000       0x8a
 .debug_line_str
                0x00000000       0x8a ./Startup/startup_stm32f303vctx.o
