/Users/tarangkant/Desktop/ASSIGNMENT2/stm32f303-definitions/Core/Inc/core_cm4.h:1816:22:__NVIC_SetPriority	2
/Users/tarangkant/Desktop/ASSIGNMENT2/stm32f303-definitions/Core/Inc/core_cm4.h:2022:26:SysTick_Config	2
../Src/main.c:18:13:DebugLED_Init	1
../Src/main.c:36:13:DebugLED_On	1
../Src/main.c:41:13:DebugLED_Off	1
../Src/main.c:46:13:DebugLED_Toggle	1
../Src/main.c:51:13:Board2_SysTickInit	1
../Src/main.c:56:13:Board2_RxCallback	3
../Src/main.c:65:17:HeadingToServoPulseUs	2
../Src/main.c:79:17:HeadingCircularDiff	3
../Src/main.c:100:6:SysTick_Handler	2
../Src/main.c:116:5:main	9
