/Users/tarangkant/Desktop/ASSIGNMENT2/stm32f303-definitions/Core/Inc/core_cm4.h:1816:22:__NVIC_SetPriority	16	static
/Users/tarangkant/Desktop/ASSIGNMENT2/stm32f303-definitions/Core/Inc/core_cm4.h:2022:26:SysTick_Config	16	static
../Src/main.c:12:13:DebugLED_Init	4	static
../Src/main.c:29:13:DebugLED_On	16	static
../Src/main.c:34:13:DebugLED_Off	16	static
../Src/main.c:39:13:DebugLED_Toggle	16	static
../Src/main.c:44:13:Board1_SysTickInit	8	static
../Src/main.c:49:13:ButtonPressedCallback	8	static
../Src/main.c:63:17:HeadingFloatToUint16	16	static
../Src/main.c:83:6:SysTick_Handler	4	static
../Src/main.c:97:5:main	48	static
