/Users/tarangkant/Desktop/ASSIGNMENT2/stm32f303-definitions/Core/Inc/core_cm4.h:1816:22:__NVIC_SetPriority	2
/Users/tarangkant/Desktop/ASSIGNMENT2/stm32f303-definitions/Core/Inc/core_cm4.h:2022:26:SysTick_Config	2
../Src/main.c:12:13:DebugLED_Init	1
../Src/main.c:29:13:DebugLED_On	1
../Src/main.c:34:13:DebugLED_Off	1
../Src/main.c:39:13:DebugLED_Toggle	1
../Src/main.c:44:13:Board1_SysTickInit	1
../Src/main.c:49:13:ButtonPressedCallback	2
../Src/main.c:63:17:HeadingFloatToUint16	4
../Src/main.c:83:6:SysTick_Handler	2
../Src/main.c:97:5:main	4
